OpenCode + Kimi round-trip test successful!